Test execution completed successfully!
Here are the results...